"c:/WORKS/harfang/hg2/website-tutorials_hg2/game-snooker-hg2/works/ground_shadow.fbx":"_prod/c292a3f5-4353-6542-9ecf-a69c61add993"
"c:/WORKS/harfang/hg2/website-tutorials_hg2/game-snooker-hg2/works/table_hole.fbx":"_prod/d4a354c6-7ded-864d-9d6f-2d03ac73dd04"
"d:/Movida/gits/eric/website-tutorials_hg2/game-snooker-hg2/work/light_model/light_model_export.fbx":"_prod/5f5e2591-618f-405b-fed5-f7ee56d11a11"
"d:/Movida/gits/eric/website-tutorials_hg2/game-snooker-hg2/work/pool_col_shape.fbx":"_prod/2726ed59-2957-4823-c69d-bfb61e99e2d9"
"d:/Movida/gits/eric/website-tutorials_hg2/game-snooker-hg2/work/pool_v2.fbx":"_prod/c09ff16d-9f46-4aa1-bb6c-b9df1a822a96"
